
> radiant-resonance@0.0.1 build
> astro build

[2m17:22:03[22m [34m[content][39m Syncing content
node.exe : [31m[Inva
lidContentEntryDataEr
ror][39m [1mposts 
ΓåÆ unlocking-it-the-
no-code-low-code-jour
ney-part-1[22m data 
does not match 
collection schema.
At line:1 char:1
+ & "C:\Program Files
\nodejs/node.exe" 
"C:\Program 
Files\nodejs/node_mo 
...
+ ~~~~~~~~~~~~~~~~~~~
~~~~~~~~~~~~~~~~~~~~~
~~~~~~~~~~~~~~~~~~~~~
~~~~~~~~
    + CategoryInfo   
           : 
NotSpecifi    ed: 
([31m[Invalid    
Co...lection schem   
 a.:String) [], Rem  
  oteException
    + 
FullyQualifiedEr    
rorId : NativeComm   
 andError
 

  [1mslug**: 
**slug[22m: Required

  [1mHint:[22m
[33m    See [4mhttp
s://docs.astro.build/
en/guides/content-col
lections/[24m for 
more information on 
content schemas.[39m
  [1mError 
reference:[22m
    [36m[4mhttps://
docs.astro.build/en/r
eference/errors/inval
id-content-entry-data
-error/[24m[39m
  [1mLocation:[22m
    [4mC:\Users\Goku
l\Documents\Programmi
ng\Antigravity\gokg4\
gokg4\src\content\pos
ts\UnlockingIT-Part-1
.md:0:0[24m
  [1mStack 
trace:[22m
[2m    at getEntryDa
taAndImages (file:///
C:/Users/Gokul/Docume
nts/Programming/Antig
ravity/gokg4/gokg4/no
de_modules/astro/dist
/content/utils.js:161
:26)
    at async 
syncData (file:///C:/
Users/Gokul/Documents
/Programming/Antigrav
ity/gokg4/gokg4/node_
modules/astro/dist/co
ntent/loaders/glob.js
:94:28)[22m
Assertion failed: 
!(handle->flags & 
UV_HANDLE_CLOSING), 
file 
src\win\async.c, 
line 76
